<?xml version="1.0" encoding="utf-8"?><testsuite errors="0" failures="0" name="pytest" skips="0" tests="2" time="0.056"><testcase classname="tinyurl.tests.handlers.test_health.TestHealthHandler" file="env/lib/python2.7/site-packages/tornado/testing.py" line="523" name="test_http_fetch" time="0.00809812545776"></testcase><testcase classname="tinyurl.tests.handlers.test_health.TestHealthHandler" file="env/lib/python2.7/site-packages/tornado/testing.py" line="523" name="test_http_fetch" time="0.00494718551636"></testcase></testsuite>